<?xml version="1.0" encoding="utf-8"?>
<TestRun id="422ea0b1-18cf-4a42-b998-9ac9c5717bfa" name="Administrator@SERVER 2025-12-01 05:12:31" runUser="Server\Administrator" xmlns="http://microsoft.com/schemas/VisualStudio/TeamTest/2010">
  <Times creation="2025-12-01T05:12:31.4290152+08:00" queuing="2025-12-01T05:12:31.4290156+08:00" start="2025-12-01T05:12:30.4557246+08:00" finish="2025-12-01T05:12:31.5652489+08:00" />
  <TestSettings name="default" id="32fb52dc-6cdc-44cd-be74-04131efdea0b">
    <Deployment runDeploymentRoot="Administrator_SERVER_2025-12-01_05_12_31" />
  </TestSettings>
  <Results>
    <UnitTestResult executionId="5647075b-0335-4350-82b9-aa30c2f7e4f2" testId="5ba59f34-afff-fc9f-990e-c0b4bf4c1e70" testName="ProPXEServer.API.Tests.PathValidationSecurityTests.PathTraversalDetection_TraversalAttempt_ShouldBeDetected" computerName="SERVER" duration="00:00:00.0001869" startTime="2025-12-01T05:12:31.4601619+08:00" endTime="2025-12-01T05:12:31.4601620+08:00" testType="13cdc9d9-ddb5-4fa4-a97d-d965ccfc6d4b" outcome="Passed" testListId="8c84fa94-04c1-424b-9868-57a2d4851a1d" relativeResultsDirectory="5647075b-0335-4350-82b9-aa30c2f7e4f2" />
    <UnitTestResult executionId="7254ceb6-d975-4124-b4f0-406d9c92e079" testId="4fe5c077-79aa-85ff-7a45-cae3a7e6a4c3" testName="ProPXEServer.API.Tests.PathValidationSecurityTests.PathRegex_ValidPaths_ShouldMatch(validPath: &quot;ubuntu-22.04.iso&quot;)" computerName="SERVER" duration="00:00:00.0000147" startTime="2025-12-01T05:12:31.4600615+08:00" endTime="2025-12-01T05:12:31.4600616+08:00" testType="13cdc9d9-ddb5-4fa4-a97d-d965ccfc6d4b" outcome="Passed" testListId="8c84fa94-04c1-424b-9868-57a2d4851a1d" relativeResultsDirectory="7254ceb6-d975-4124-b4f0-406d9c92e079" />
    <UnitTestResult executionId="73c13e6e-b7f8-4cbb-a7dc-5405410c2576" testId="01ba528e-eb82-4cc4-2379-083c9eeb836f" testName="ProPXEServer.API.Tests.PathValidationSecurityTests.PathRegex_ValidPaths_ShouldMatch(validPath: &quot;boot-files/test_image.iso&quot;)" computerName="SERVER" duration="00:00:00.0000156" startTime="2025-12-01T05:12:31.4601066+08:00" endTime="2025-12-01T05:12:31.4601066+08:00" testType="13cdc9d9-ddb5-4fa4-a97d-d965ccfc6d4b" outcome="Passed" testListId="8c84fa94-04c1-424b-9868-57a2d4851a1d" relativeResultsDirectory="73c13e6e-b7f8-4cbb-a7dc-5405410c2576" />
    <UnitTestResult executionId="5ca826ee-6e5d-4566-96a1-8079b31f1ac5" testId="a1eed69b-5f77-f45f-00c7-9641b7722656" testName="ProPXEServer.API.Tests.PathValidationSecurityTests.PathRegex_ValidPaths_ShouldMatch(validPath: &quot;netboot.xyz/menu.ipxe&quot;)" computerName="SERVER" duration="00:00:00.0002347" startTime="2025-12-01T05:12:31.4579035+08:00" endTime="2025-12-01T05:12:31.4579035+08:00" testType="13cdc9d9-ddb5-4fa4-a97d-d965ccfc6d4b" outcome="Passed" testListId="8c84fa94-04c1-424b-9868-57a2d4851a1d" relativeResultsDirectory="5ca826ee-6e5d-4566-96a1-8079b31f1ac5" />
    <UnitTestResult executionId="403b24fb-1dc9-44a3-af9e-a384c0b8fe2f" testId="5f49c685-b472-8fbe-cc2f-659407bbd3d5" testName="ProPXEServer.API.Tests.PathValidationSecurityTests.PathRegex_ValidPaths_ShouldMatch(validPath: &quot;debian.11.0.0-amd64-netinst.iso&quot;)" computerName="SERVER" duration="00:00:00.0000190" startTime="2025-12-01T05:12:31.4579473+08:00" endTime="2025-12-01T05:12:31.4579473+08:00" testType="13cdc9d9-ddb5-4fa4-a97d-d965ccfc6d4b" outcome="Passed" testListId="8c84fa94-04c1-424b-9868-57a2d4851a1d" relativeResultsDirectory="403b24fb-1dc9-44a3-af9e-a384c0b8fe2f" />
    <UnitTestResult executionId="224b5de2-db9e-4106-8130-d851ac53d64a" testId="66902775-3134-9806-40da-016ccd4b62e8" testName="ProPXEServer.API.Tests.JwtSecretSecurityTests.JwtSecret_NullOrEmpty_ShouldBeInvalid(invalidSecret: &quot;   &quot;)" computerName="SERVER" duration="00:00:00.0000101" startTime="2025-12-01T05:12:31.3597440+08:00" endTime="2025-12-01T05:12:31.3597440+08:00" testType="13cdc9d9-ddb5-4fa4-a97d-d965ccfc6d4b" outcome="Passed" testListId="8c84fa94-04c1-424b-9868-57a2d4851a1d" relativeResultsDirectory="224b5de2-db9e-4106-8130-d851ac53d64a" />
    <UnitTestResult executionId="75e4e6ea-4540-4b1a-b39b-4d9433cd4804" testId="a322ea22-f068-3326-39ce-38ca2c184522" testName="ProPXEServer.API.Tests.BasicInfrastructureTest.SecurityFixes_AreImplemented" computerName="SERVER" duration="00:00:00.0048505" startTime="2025-12-01T05:12:31.3535471+08:00" endTime="2025-12-01T05:12:31.3536107+08:00" testType="13cdc9d9-ddb5-4fa4-a97d-d965ccfc6d4b" outcome="Passed" testListId="8c84fa94-04c1-424b-9868-57a2d4851a1d" relativeResultsDirectory="75e4e6ea-4540-4b1a-b39b-4d9433cd4804" />
    <UnitTestResult executionId="f569cbb9-dc53-4f2b-8513-74bb78147d43" testId="a91ff45d-bb6e-0948-7138-85eec3012331" testName="ProPXEServer.API.Tests.PathValidationSecurityTests.PathRegex_MaliciousCharacters_ShouldNotMatch(maliciousPath: &quot;test;rm -rf /&quot;)" computerName="SERVER" duration="00:00:00.0003407" startTime="2025-12-01T05:12:31.3940221+08:00" endTime="2025-12-01T05:12:31.3940222+08:00" testType="13cdc9d9-ddb5-4fa4-a97d-d965ccfc6d4b" outcome="Passed" testListId="8c84fa94-04c1-424b-9868-57a2d4851a1d" relativeResultsDirectory="f569cbb9-dc53-4f2b-8513-74bb78147d43" />
    <UnitTestResult executionId="be0cd210-5e68-4d8e-8322-c88ec3bd4b6a" testId="0c21e377-97be-d625-87df-a658bf30893d" testName="ProPXEServer.API.Tests.PathValidationSecurityTests.PathRegex_ValidPaths_ShouldMatch(validPath: &quot;arch/boot.img&quot;)" computerName="SERVER" duration="00:00:00.0000136" startTime="2025-12-01T05:12:31.4601337+08:00" endTime="2025-12-01T05:12:31.4601337+08:00" testType="13cdc9d9-ddb5-4fa4-a97d-d965ccfc6d4b" outcome="Passed" testListId="8c84fa94-04c1-424b-9868-57a2d4851a1d" relativeResultsDirectory="be0cd210-5e68-4d8e-8322-c88ec3bd4b6a" />
    <UnitTestResult executionId="c3783d34-5031-47f3-bd90-b6be2fec61b4" testId="377cdd6a-ebb9-9dd4-7a6c-1e3f6366c262" testName="ProPXEServer.API.Tests.PathValidationSecurityTests.PathRegex_MaliciousCharacters_ShouldNotMatch(maliciousPath: &quot;boot&lt;script&gt;alert(1)&lt;/script&gt;.iso&quot;)" computerName="SERVER" duration="00:00:00.0000312" startTime="2025-12-01T05:12:31.3942054+08:00" endTime="2025-12-01T05:12:31.3942054+08:00" testType="13cdc9d9-ddb5-4fa4-a97d-d965ccfc6d4b" outcome="Passed" testListId="8c84fa94-04c1-424b-9868-57a2d4851a1d" relativeResultsDirectory="c3783d34-5031-47f3-bd90-b6be2fec61b4" />
    <UnitTestResult executionId="af6276af-3281-4ace-95e0-0fce5d065c34" testId="318e43a2-e558-1437-003d-9e949cde426a" testName="ProPXEServer.API.Tests.PathValidationSecurityTests.PathRegex_MaliciousCharacters_ShouldNotMatch(maliciousPath: &quot;../../../etc/passwd&quot;)" computerName="SERVER" duration="00:00:00.0871442" startTime="2025-12-01T05:12:31.4574815+08:00" endTime="2025-12-01T05:12:31.4574817+08:00" testType="13cdc9d9-ddb5-4fa4-a97d-d965ccfc6d4b" outcome="Failed" testListId="8c84fa94-04c1-424b-9868-57a2d4851a1d" relativeResultsDirectory="af6276af-3281-4ace-95e0-0fce5d065c34">
      <Output>
        <ErrorInfo>
          <Message>Expected isValid to be False because Malicious path '../../../etc/passwd' should be blocked by regex, but found True.</Message>
          <StackTrace>   at FluentAssertions.Execution.XUnit2TestFramework.Throw(String message)&#xD;
   at FluentAssertions.Execution.TestFrameworkProvider.Throw(String message)&#xD;
   at FluentAssertions.Execution.DefaultAssertionStrategy.HandleFailure(String message)&#xD;
   at FluentAssertions.Execution.AssertionScope.FailWith(Func`1 failReasonFunc)&#xD;
   at FluentAssertions.Execution.AssertionScope.FailWith(Func`1 failReasonFunc)&#xD;
   at FluentAssertions.Execution.AssertionScope.FailWith(String message, Object[] args)&#xD;
   at FluentAssertions.Primitives.BooleanAssertions`1.BeFalse(String because, Object[] becauseArgs)&#xD;
   at ProPXEServer.API.Tests.PathValidationSecurityTests.PathRegex_MaliciousCharacters_ShouldNotMatch(String maliciousPath) in C:\Users\Administrator\Desktop\Mass\tests\ProPXEServer.API.Tests\SecurityValidationTests.cs:line 27&#xD;
   at InvokeStub_PathValidationSecurityTests.PathRegex_MaliciousCharacters_ShouldNotMatch(Object, Span`1)&#xD;
   at System.Reflection.MethodBaseInvoker.InvokeWithOneArg(Object obj, BindingFlags invokeAttr, Binder binder, Object[] parameters, CultureInfo culture)</StackTrace>
        </ErrorInfo>
      </Output>
    </UnitTestResult>
    <UnitTestResult executionId="c5f4997d-0be8-4879-8945-0adcdc299825" testId="c9d30a9a-1aa9-b51d-bbcc-e06f414bab68" testName="ProPXEServer.API.Tests.JwtSecretSecurityTests.JwtSecret_NullOrEmpty_ShouldBeInvalid(invalidSecret: null)" computerName="SERVER" duration="00:00:00.0002444" startTime="2025-12-01T05:12:31.3597139+08:00" endTime="2025-12-01T05:12:31.3597140+08:00" testType="13cdc9d9-ddb5-4fa4-a97d-d965ccfc6d4b" outcome="Passed" testListId="8c84fa94-04c1-424b-9868-57a2d4851a1d" relativeResultsDirectory="c5f4997d-0be8-4879-8945-0adcdc299825" />
    <UnitTestResult executionId="ceab213a-0734-4c88-80eb-7faed2bf9bbc" testId="6b92dd00-4cfc-a4ec-7d16-063dec026745" testName="ProPXEServer.API.Tests.JwtSecretValidationTests.GenerateJwtToken_MissingSecret_ThrowsInvalidOperationException" computerName="SERVER" duration="00:00:00.0001399" startTime="2025-12-01T05:12:31.3594677+08:00" endTime="2025-12-01T05:12:31.3594678+08:00" testType="13cdc9d9-ddb5-4fa4-a97d-d965ccfc6d4b" outcome="Passed" testListId="8c84fa94-04c1-424b-9868-57a2d4851a1d" relativeResultsDirectory="ceab213a-0734-4c88-80eb-7faed2bf9bbc" />
    <UnitTestResult executionId="c6ddf120-6ef1-49e3-b699-2d3e3082fa3b" testId="9af4b14a-aa06-bf97-9a54-8bb647d90e81" testName="ProPXEServer.API.Tests.JwtSecretSecurityTests.JwtSecret_NullOrEmpty_ShouldBeInvalid(invalidSecret: &quot;&quot;)" computerName="SERVER" duration="00:00:00.0143721" startTime="2025-12-01T05:12:31.3595755+08:00" endTime="2025-12-01T05:12:31.3595755+08:00" testType="13cdc9d9-ddb5-4fa4-a97d-d965ccfc6d4b" outcome="Passed" testListId="8c84fa94-04c1-424b-9868-57a2d4851a1d" relativeResultsDirectory="c6ddf120-6ef1-49e3-b699-2d3e3082fa3b" />
    <UnitTestResult executionId="aa555f97-f5bd-4625-9b01-95a27e1ec201" testId="d1fb46b4-8a97-fc93-1530-3ee09e3a5ef9" testName="ProPXEServer.API.Tests.PathValidationSecurityTests.PathRegex_ValidPaths_ShouldMatch(validPath: &quot;windows/sources/boot.wim&quot;)" computerName="SERVER" duration="00:00:00.0002039" startTime="2025-12-01T05:12:31.4578577+08:00" endTime="2025-12-01T05:12:31.4578577+08:00" testType="13cdc9d9-ddb5-4fa4-a97d-d965ccfc6d4b" outcome="Passed" testListId="8c84fa94-04c1-424b-9868-57a2d4851a1d" relativeResultsDirectory="aa555f97-f5bd-4625-9b01-95a27e1ec201" />
    <UnitTestResult executionId="6fbbefa4-744b-4588-8404-7b319ed8eece" testId="bb39140f-c131-ea5b-e6f7-2293e6879aba" testName="ProPXEServer.API.Tests.BasicInfrastructureTest.TestFramework_ShouldWork" computerName="SERVER" duration="00:00:00.0048841" startTime="2025-12-01T05:12:31.3595274+08:00" endTime="2025-12-01T05:12:31.3595275+08:00" testType="13cdc9d9-ddb5-4fa4-a97d-d965ccfc6d4b" outcome="Passed" testListId="8c84fa94-04c1-424b-9868-57a2d4851a1d" relativeResultsDirectory="6fbbefa4-744b-4588-8404-7b319ed8eece" />
    <UnitTestResult executionId="b53d3913-65c7-478e-93b2-3be9ba943dd0" testId="d4fe093d-21c7-4c11-55d6-5540ed84eadd" testName="ProPXEServer.API.Tests.JwtSecretValidationTests.GenerateJwtToken_ShortSecret_ThrowsInvalidOperationException" computerName="SERVER" duration="00:00:00.0047877" startTime="2025-12-01T05:12:31.3572296+08:00" endTime="2025-12-01T05:12:31.3572297+08:00" testType="13cdc9d9-ddb5-4fa4-a97d-d965ccfc6d4b" outcome="Passed" testListId="8c84fa94-04c1-424b-9868-57a2d4851a1d" relativeResultsDirectory="b53d3913-65c7-478e-93b2-3be9ba943dd0" />
    <UnitTestResult executionId="324a3f7a-a83b-414a-8c1a-a289768ec368" testId="98f43b68-5fbc-33a5-323b-f3a58deaed2b" testName="ProPXEServer.API.Tests.JwtSecretSecurityTests.JwtSecret_LessThan32Characters_ShouldBeInvalid" computerName="SERVER" duration="00:00:00.0002050" startTime="2025-12-01T05:12:31.3942372+08:00" endTime="2025-12-01T05:12:31.3942373+08:00" testType="13cdc9d9-ddb5-4fa4-a97d-d965ccfc6d4b" outcome="Passed" testListId="8c84fa94-04c1-424b-9868-57a2d4851a1d" relativeResultsDirectory="324a3f7a-a83b-414a-8c1a-a289768ec368" />
    <UnitTestResult executionId="09fb273c-0b84-4afe-af40-ff330840b6f2" testId="c34c51c4-38b0-d50f-bcf6-4852288b0dad" testName="ProPXEServer.API.Tests.PathValidationSecurityTests.PathRegex_MaliciousCharacters_ShouldNotMatch(maliciousPath: &quot;..\\..\\..\\windows\\system32\\config\\sam&quot;)" computerName="SERVER" duration="00:00:00.0000631" startTime="2025-12-01T05:12:31.4578056+08:00" endTime="2025-12-01T05:12:31.4578057+08:00" testType="13cdc9d9-ddb5-4fa4-a97d-d965ccfc6d4b" outcome="Passed" testListId="8c84fa94-04c1-424b-9868-57a2d4851a1d" relativeResultsDirectory="09fb273c-0b84-4afe-af40-ff330840b6f2" />
    <UnitTestResult executionId="436d64ac-9bd2-4b9c-bd26-7a302a269bbb" testId="871fb52d-2836-1a1f-530c-7f9b2619279a" testName="ProPXEServer.API.Tests.PathValidationSecurityTests.PathTraversalDetection_ValidPath_ShouldNotBeDetected" computerName="SERVER" duration="00:00:00.0001445" startTime="2025-12-01T05:12:31.4602069+08:00" endTime="2025-12-01T05:12:31.4602069+08:00" testType="13cdc9d9-ddb5-4fa4-a97d-d965ccfc6d4b" outcome="Passed" testListId="8c84fa94-04c1-424b-9868-57a2d4851a1d" relativeResultsDirectory="436d64ac-9bd2-4b9c-bd26-7a302a269bbb" />
    <UnitTestResult executionId="f50d2141-4c2b-451b-975a-1e691918f01c" testId="b48fb603-0777-2b56-2b5a-734ff3b3d115" testName="ProPXEServer.API.Tests.JwtSecretSecurityTests.JwtSecret_32OrMoreCharacters_ShouldBeValid" computerName="SERVER" duration="00:00:00.0003615" startTime="2025-12-01T05:12:31.3942723+08:00" endTime="2025-12-01T05:12:31.3942724+08:00" testType="13cdc9d9-ddb5-4fa4-a97d-d965ccfc6d4b" outcome="Passed" testListId="8c84fa94-04c1-424b-9868-57a2d4851a1d" relativeResultsDirectory="f50d2141-4c2b-451b-975a-1e691918f01c" />
    <UnitTestResult executionId="5b4cfb52-a715-4a13-afe3-ad898ebb5f2f" testId="254e8849-85b2-b41d-e4f1-0762d512bc71" testName="ProPXEServer.API.Tests.PathValidationSecurityTests.PathRegex_MaliciousCharacters_ShouldNotMatch(maliciousPath: &quot;boot\0file.iso&quot;)" computerName="SERVER" duration="00:00:00.0143015" startTime="2025-12-01T05:12:31.3595665+08:00" endTime="2025-12-01T05:12:31.3595665+08:00" testType="13cdc9d9-ddb5-4fa4-a97d-d965ccfc6d4b" outcome="Passed" testListId="8c84fa94-04c1-424b-9868-57a2d4851a1d" relativeResultsDirectory="5b4cfb52-a715-4a13-afe3-ad898ebb5f2f" />
  </Results>
  <TestDefinitions>
    <UnitTest name="ProPXEServer.API.Tests.PathValidationSecurityTests.PathTraversalDetection_TraversalAttempt_ShouldBeDetected" storage="c:\users\administrator\desktop\mass\tests\propxeserver.api.tests\bin\debug\net10.0\propxeserver.api.tests.dll" id="5ba59f34-afff-fc9f-990e-c0b4bf4c1e70">
      <Execution id="5647075b-0335-4350-82b9-aa30c2f7e4f2" />
      <TestMethod codeBase="C:\Users\Administrator\Desktop\Mass\tests\ProPXEServer.API.Tests\bin\Debug\net10.0\ProPXEServer.API.Tests.dll" adapterTypeName="executor://xunit/VsTestRunner2/netcoreapp" className="ProPXEServer.API.Tests.PathValidationSecurityTests" name="PathTraversalDetection_TraversalAttempt_ShouldBeDetected" />
    </UnitTest>
    <UnitTest name="ProPXEServer.API.Tests.PathValidationSecurityTests.PathRegex_ValidPaths_ShouldMatch(validPath: &quot;ubuntu-22.04.iso&quot;)" storage="c:\users\administrator\desktop\mass\tests\propxeserver.api.tests\bin\debug\net10.0\propxeserver.api.tests.dll" id="4fe5c077-79aa-85ff-7a45-cae3a7e6a4c3">
      <Execution id="7254ceb6-d975-4124-b4f0-406d9c92e079" />
      <TestMethod codeBase="C:\Users\Administrator\Desktop\Mass\tests\ProPXEServer.API.Tests\bin\Debug\net10.0\ProPXEServer.API.Tests.dll" adapterTypeName="executor://xunit/VsTestRunner2/netcoreapp" className="ProPXEServer.API.Tests.PathValidationSecurityTests" name="PathRegex_ValidPaths_ShouldMatch" />
    </UnitTest>
    <UnitTest name="ProPXEServer.API.Tests.PathValidationSecurityTests.PathTraversalDetection_ValidPath_ShouldNotBeDetected" storage="c:\users\administrator\desktop\mass\tests\propxeserver.api.tests\bin\debug\net10.0\propxeserver.api.tests.dll" id="871fb52d-2836-1a1f-530c-7f9b2619279a">
      <Execution id="436d64ac-9bd2-4b9c-bd26-7a302a269bbb" />
      <TestMethod codeBase="C:\Users\Administrator\Desktop\Mass\tests\ProPXEServer.API.Tests\bin\Debug\net10.0\ProPXEServer.API.Tests.dll" adapterTypeName="executor://xunit/VsTestRunner2/netcoreapp" className="ProPXEServer.API.Tests.PathValidationSecurityTests" name="PathTraversalDetection_ValidPath_ShouldNotBeDetected" />
    </UnitTest>
    <UnitTest name="ProPXEServer.API.Tests.BasicInfrastructureTest.TestFramework_ShouldWork" storage="c:\users\administrator\desktop\mass\tests\propxeserver.api.tests\bin\debug\net10.0\propxeserver.api.tests.dll" id="bb39140f-c131-ea5b-e6f7-2293e6879aba">
      <Execution id="6fbbefa4-744b-4588-8404-7b319ed8eece" />
      <TestMethod codeBase="C:\Users\Administrator\Desktop\Mass\tests\ProPXEServer.API.Tests\bin\Debug\net10.0\ProPXEServer.API.Tests.dll" adapterTypeName="executor://xunit/VsTestRunner2/netcoreapp" className="ProPXEServer.API.Tests.BasicInfrastructureTest" name="TestFramework_ShouldWork" />
    </UnitTest>
    <UnitTest name="ProPXEServer.API.Tests.PathValidationSecurityTests.PathRegex_MaliciousCharacters_ShouldNotMatch(maliciousPath: &quot;boot\0file.iso&quot;)" storage="c:\users\administrator\desktop\mass\tests\propxeserver.api.tests\bin\debug\net10.0\propxeserver.api.tests.dll" id="254e8849-85b2-b41d-e4f1-0762d512bc71">
      <Execution id="5b4cfb52-a715-4a13-afe3-ad898ebb5f2f" />
      <TestMethod codeBase="C:\Users\Administrator\Desktop\Mass\tests\ProPXEServer.API.Tests\bin\Debug\net10.0\ProPXEServer.API.Tests.dll" adapterTypeName="executor://xunit/VsTestRunner2/netcoreapp" className="ProPXEServer.API.Tests.PathValidationSecurityTests" name="PathRegex_MaliciousCharacters_ShouldNotMatch" />
    </UnitTest>
    <UnitTest name="ProPXEServer.API.Tests.PathValidationSecurityTests.PathRegex_ValidPaths_ShouldMatch(validPath: &quot;boot-files/test_image.iso&quot;)" storage="c:\users\administrator\desktop\mass\tests\propxeserver.api.tests\bin\debug\net10.0\propxeserver.api.tests.dll" id="01ba528e-eb82-4cc4-2379-083c9eeb836f">
      <Execution id="73c13e6e-b7f8-4cbb-a7dc-5405410c2576" />
      <TestMethod codeBase="C:\Users\Administrator\Desktop\Mass\tests\ProPXEServer.API.Tests\bin\Debug\net10.0\ProPXEServer.API.Tests.dll" adapterTypeName="executor://xunit/VsTestRunner2/netcoreapp" className="ProPXEServer.API.Tests.PathValidationSecurityTests" name="PathRegex_ValidPaths_ShouldMatch" />
    </UnitTest>
    <UnitTest name="ProPXEServer.API.Tests.PathValidationSecurityTests.PathRegex_ValidPaths_ShouldMatch(validPath: &quot;debian.11.0.0-amd64-netinst.iso&quot;)" storage="c:\users\administrator\desktop\mass\tests\propxeserver.api.tests\bin\debug\net10.0\propxeserver.api.tests.dll" id="5f49c685-b472-8fbe-cc2f-659407bbd3d5">
      <Execution id="403b24fb-1dc9-44a3-af9e-a384c0b8fe2f" />
      <TestMethod codeBase="C:\Users\Administrator\Desktop\Mass\tests\ProPXEServer.API.Tests\bin\Debug\net10.0\ProPXEServer.API.Tests.dll" adapterTypeName="executor://xunit/VsTestRunner2/netcoreapp" className="ProPXEServer.API.Tests.PathValidationSecurityTests" name="PathRegex_ValidPaths_ShouldMatch" />
    </UnitTest>
    <UnitTest name="ProPXEServer.API.Tests.JwtSecretSecurityTests.JwtSecret_32OrMoreCharacters_ShouldBeValid" storage="c:\users\administrator\desktop\mass\tests\propxeserver.api.tests\bin\debug\net10.0\propxeserver.api.tests.dll" id="b48fb603-0777-2b56-2b5a-734ff3b3d115">
      <Execution id="f50d2141-4c2b-451b-975a-1e691918f01c" />
      <TestMethod codeBase="C:\Users\Administrator\Desktop\Mass\tests\ProPXEServer.API.Tests\bin\Debug\net10.0\ProPXEServer.API.Tests.dll" adapterTypeName="executor://xunit/VsTestRunner2/netcoreapp" className="ProPXEServer.API.Tests.JwtSecretSecurityTests" name="JwtSecret_32OrMoreCharacters_ShouldBeValid" />
    </UnitTest>
    <UnitTest name="ProPXEServer.API.Tests.JwtSecretValidationTests.GenerateJwtToken_MissingSecret_ThrowsInvalidOperationException" storage="c:\users\administrator\desktop\mass\tests\propxeserver.api.tests\bin\debug\net10.0\propxeserver.api.tests.dll" id="6b92dd00-4cfc-a4ec-7d16-063dec026745">
      <Execution id="ceab213a-0734-4c88-80eb-7faed2bf9bbc" />
      <TestMethod codeBase="C:\Users\Administrator\Desktop\Mass\tests\ProPXEServer.API.Tests\bin\Debug\net10.0\ProPXEServer.API.Tests.dll" adapterTypeName="executor://xunit/VsTestRunner2/netcoreapp" className="ProPXEServer.API.Tests.JwtSecretValidationTests" name="GenerateJwtToken_MissingSecret_ThrowsInvalidOperationException" />
    </UnitTest>
    <UnitTest name="ProPXEServer.API.Tests.JwtSecretSecurityTests.JwtSecret_NullOrEmpty_ShouldBeInvalid(invalidSecret: &quot;   &quot;)" storage="c:\users\administrator\desktop\mass\tests\propxeserver.api.tests\bin\debug\net10.0\propxeserver.api.tests.dll" id="66902775-3134-9806-40da-016ccd4b62e8">
      <Execution id="224b5de2-db9e-4106-8130-d851ac53d64a" />
      <TestMethod codeBase="C:\Users\Administrator\Desktop\Mass\tests\ProPXEServer.API.Tests\bin\Debug\net10.0\ProPXEServer.API.Tests.dll" adapterTypeName="executor://xunit/VsTestRunner2/netcoreapp" className="ProPXEServer.API.Tests.JwtSecretSecurityTests" name="JwtSecret_NullOrEmpty_ShouldBeInvalid" />
    </UnitTest>
    <UnitTest name="ProPXEServer.API.Tests.PathValidationSecurityTests.PathRegex_MaliciousCharacters_ShouldNotMatch(maliciousPath: &quot;test;rm -rf /&quot;)" storage="c:\users\administrator\desktop\mass\tests\propxeserver.api.tests\bin\debug\net10.0\propxeserver.api.tests.dll" id="a91ff45d-bb6e-0948-7138-85eec3012331">
      <Execution id="f569cbb9-dc53-4f2b-8513-74bb78147d43" />
      <TestMethod codeBase="C:\Users\Administrator\Desktop\Mass\tests\ProPXEServer.API.Tests\bin\Debug\net10.0\ProPXEServer.API.Tests.dll" adapterTypeName="executor://xunit/VsTestRunner2/netcoreapp" className="ProPXEServer.API.Tests.PathValidationSecurityTests" name="PathRegex_MaliciousCharacters_ShouldNotMatch" />
    </UnitTest>
    <UnitTest name="ProPXEServer.API.Tests.JwtSecretSecurityTests.JwtSecret_NullOrEmpty_ShouldBeInvalid(invalidSecret: &quot;&quot;)" storage="c:\users\administrator\desktop\mass\tests\propxeserver.api.tests\bin\debug\net10.0\propxeserver.api.tests.dll" id="9af4b14a-aa06-bf97-9a54-8bb647d90e81">
      <Execution id="c6ddf120-6ef1-49e3-b699-2d3e3082fa3b" />
      <TestMethod codeBase="C:\Users\Administrator\Desktop\Mass\tests\ProPXEServer.API.Tests\bin\Debug\net10.0\ProPXEServer.API.Tests.dll" adapterTypeName="executor://xunit/VsTestRunner2/netcoreapp" className="ProPXEServer.API.Tests.JwtSecretSecurityTests" name="JwtSecret_NullOrEmpty_ShouldBeInvalid" />
    </UnitTest>
    <UnitTest name="ProPXEServer.API.Tests.PathValidationSecurityTests.PathRegex_ValidPaths_ShouldMatch(validPath: &quot;arch/boot.img&quot;)" storage="c:\users\administrator\desktop\mass\tests\propxeserver.api.tests\bin\debug\net10.0\propxeserver.api.tests.dll" id="0c21e377-97be-d625-87df-a658bf30893d">
      <Execution id="be0cd210-5e68-4d8e-8322-c88ec3bd4b6a" />
      <TestMethod codeBase="C:\Users\Administrator\Desktop\Mass\tests\ProPXEServer.API.Tests\bin\Debug\net10.0\ProPXEServer.API.Tests.dll" adapterTypeName="executor://xunit/VsTestRunner2/netcoreapp" className="ProPXEServer.API.Tests.PathValidationSecurityTests" name="PathRegex_ValidPaths_ShouldMatch" />
    </UnitTest>
    <UnitTest name="ProPXEServer.API.Tests.PathValidationSecurityTests.PathRegex_ValidPaths_ShouldMatch(validPath: &quot;windows/sources/boot.wim&quot;)" storage="c:\users\administrator\desktop\mass\tests\propxeserver.api.tests\bin\debug\net10.0\propxeserver.api.tests.dll" id="d1fb46b4-8a97-fc93-1530-3ee09e3a5ef9">
      <Execution id="aa555f97-f5bd-4625-9b01-95a27e1ec201" />
      <TestMethod codeBase="C:\Users\Administrator\Desktop\Mass\tests\ProPXEServer.API.Tests\bin\Debug\net10.0\ProPXEServer.API.Tests.dll" adapterTypeName="executor://xunit/VsTestRunner2/netcoreapp" className="ProPXEServer.API.Tests.PathValidationSecurityTests" name="PathRegex_ValidPaths_ShouldMatch" />
    </UnitTest>
    <UnitTest name="ProPXEServer.API.Tests.JwtSecretValidationTests.GenerateJwtToken_ShortSecret_ThrowsInvalidOperationException" storage="c:\users\administrator\desktop\mass\tests\propxeserver.api.tests\bin\debug\net10.0\propxeserver.api.tests.dll" id="d4fe093d-21c7-4c11-55d6-5540ed84eadd">
      <Execution id="b53d3913-65c7-478e-93b2-3be9ba943dd0" />
      <TestMethod codeBase="C:\Users\Administrator\Desktop\Mass\tests\ProPXEServer.API.Tests\bin\Debug\net10.0\ProPXEServer.API.Tests.dll" adapterTypeName="executor://xunit/VsTestRunner2/netcoreapp" className="ProPXEServer.API.Tests.JwtSecretValidationTests" name="GenerateJwtToken_ShortSecret_ThrowsInvalidOperationException" />
    </UnitTest>
    <UnitTest name="ProPXEServer.API.Tests.PathValidationSecurityTests.PathRegex_MaliciousCharacters_ShouldNotMatch(maliciousPath: &quot;boot&lt;script&gt;alert(1)&lt;/script&gt;.iso&quot;)" storage="c:\users\administrator\desktop\mass\tests\propxeserver.api.tests\bin\debug\net10.0\propxeserver.api.tests.dll" id="377cdd6a-ebb9-9dd4-7a6c-1e3f6366c262">
      <Execution id="c3783d34-5031-47f3-bd90-b6be2fec61b4" />
      <TestMethod codeBase="C:\Users\Administrator\Desktop\Mass\tests\ProPXEServer.API.Tests\bin\Debug\net10.0\ProPXEServer.API.Tests.dll" adapterTypeName="executor://xunit/VsTestRunner2/netcoreapp" className="ProPXEServer.API.Tests.PathValidationSecurityTests" name="PathRegex_MaliciousCharacters_ShouldNotMatch" />
    </UnitTest>
    <UnitTest name="ProPXEServer.API.Tests.PathValidationSecurityTests.PathRegex_MaliciousCharacters_ShouldNotMatch(maliciousPath: &quot;..\\..\\..\\windows\\system32\\config\\sam&quot;)" storage="c:\users\administrator\desktop\mass\tests\propxeserver.api.tests\bin\debug\net10.0\propxeserver.api.tests.dll" id="c34c51c4-38b0-d50f-bcf6-4852288b0dad">
      <Execution id="09fb273c-0b84-4afe-af40-ff330840b6f2" />
      <TestMethod codeBase="C:\Users\Administrator\Desktop\Mass\tests\ProPXEServer.API.Tests\bin\Debug\net10.0\ProPXEServer.API.Tests.dll" adapterTypeName="executor://xunit/VsTestRunner2/netcoreapp" className="ProPXEServer.API.Tests.PathValidationSecurityTests" name="PathRegex_MaliciousCharacters_ShouldNotMatch" />
    </UnitTest>
    <UnitTest name="ProPXEServer.API.Tests.BasicInfrastructureTest.SecurityFixes_AreImplemented" storage="c:\users\administrator\desktop\mass\tests\propxeserver.api.tests\bin\debug\net10.0\propxeserver.api.tests.dll" id="a322ea22-f068-3326-39ce-38ca2c184522">
      <Execution id="75e4e6ea-4540-4b1a-b39b-4d9433cd4804" />
      <TestMethod codeBase="C:\Users\Administrator\Desktop\Mass\tests\ProPXEServer.API.Tests\bin\Debug\net10.0\ProPXEServer.API.Tests.dll" adapterTypeName="executor://xunit/VsTestRunner2/netcoreapp" className="ProPXEServer.API.Tests.BasicInfrastructureTest" name="SecurityFixes_AreImplemented" />
    </UnitTest>
    <UnitTest name="ProPXEServer.API.Tests.PathValidationSecurityTests.PathRegex_MaliciousCharacters_ShouldNotMatch(maliciousPath: &quot;../../../etc/passwd&quot;)" storage="c:\users\administrator\desktop\mass\tests\propxeserver.api.tests\bin\debug\net10.0\propxeserver.api.tests.dll" id="318e43a2-e558-1437-003d-9e949cde426a">
      <Execution id="af6276af-3281-4ace-95e0-0fce5d065c34" />
      <TestMethod codeBase="C:\Users\Administrator\Desktop\Mass\tests\ProPXEServer.API.Tests\bin\Debug\net10.0\ProPXEServer.API.Tests.dll" adapterTypeName="executor://xunit/VsTestRunner2/netcoreapp" className="ProPXEServer.API.Tests.PathValidationSecurityTests" name="PathRegex_MaliciousCharacters_ShouldNotMatch" />
    </UnitTest>
    <UnitTest name="ProPXEServer.API.Tests.JwtSecretSecurityTests.JwtSecret_LessThan32Characters_ShouldBeInvalid" storage="c:\users\administrator\desktop\mass\tests\propxeserver.api.tests\bin\debug\net10.0\propxeserver.api.tests.dll" id="98f43b68-5fbc-33a5-323b-f3a58deaed2b">
      <Execution id="324a3f7a-a83b-414a-8c1a-a289768ec368" />
      <TestMethod codeBase="C:\Users\Administrator\Desktop\Mass\tests\ProPXEServer.API.Tests\bin\Debug\net10.0\ProPXEServer.API.Tests.dll" adapterTypeName="executor://xunit/VsTestRunner2/netcoreapp" className="ProPXEServer.API.Tests.JwtSecretSecurityTests" name="JwtSecret_LessThan32Characters_ShouldBeInvalid" />
    </UnitTest>
    <UnitTest name="ProPXEServer.API.Tests.PathValidationSecurityTests.PathRegex_ValidPaths_ShouldMatch(validPath: &quot;netboot.xyz/menu.ipxe&quot;)" storage="c:\users\administrator\desktop\mass\tests\propxeserver.api.tests\bin\debug\net10.0\propxeserver.api.tests.dll" id="a1eed69b-5f77-f45f-00c7-9641b7722656">
      <Execution id="5ca826ee-6e5d-4566-96a1-8079b31f1ac5" />
      <TestMethod codeBase="C:\Users\Administrator\Desktop\Mass\tests\ProPXEServer.API.Tests\bin\Debug\net10.0\ProPXEServer.API.Tests.dll" adapterTypeName="executor://xunit/VsTestRunner2/netcoreapp" className="ProPXEServer.API.Tests.PathValidationSecurityTests" name="PathRegex_ValidPaths_ShouldMatch" />
    </UnitTest>
    <UnitTest name="ProPXEServer.API.Tests.JwtSecretSecurityTests.JwtSecret_NullOrEmpty_ShouldBeInvalid(invalidSecret: null)" storage="c:\users\administrator\desktop\mass\tests\propxeserver.api.tests\bin\debug\net10.0\propxeserver.api.tests.dll" id="c9d30a9a-1aa9-b51d-bbcc-e06f414bab68">
      <Execution id="c5f4997d-0be8-4879-8945-0adcdc299825" />
      <TestMethod codeBase="C:\Users\Administrator\Desktop\Mass\tests\ProPXEServer.API.Tests\bin\Debug\net10.0\ProPXEServer.API.Tests.dll" adapterTypeName="executor://xunit/VsTestRunner2/netcoreapp" className="ProPXEServer.API.Tests.JwtSecretSecurityTests" name="JwtSecret_NullOrEmpty_ShouldBeInvalid" />
    </UnitTest>
  </TestDefinitions>
  <TestEntries>
    <TestEntry testId="5ba59f34-afff-fc9f-990e-c0b4bf4c1e70" executionId="5647075b-0335-4350-82b9-aa30c2f7e4f2" testListId="8c84fa94-04c1-424b-9868-57a2d4851a1d" />
    <TestEntry testId="4fe5c077-79aa-85ff-7a45-cae3a7e6a4c3" executionId="7254ceb6-d975-4124-b4f0-406d9c92e079" testListId="8c84fa94-04c1-424b-9868-57a2d4851a1d" />
    <TestEntry testId="01ba528e-eb82-4cc4-2379-083c9eeb836f" executionId="73c13e6e-b7f8-4cbb-a7dc-5405410c2576" testListId="8c84fa94-04c1-424b-9868-57a2d4851a1d" />
    <TestEntry testId="a1eed69b-5f77-f45f-00c7-9641b7722656" executionId="5ca826ee-6e5d-4566-96a1-8079b31f1ac5" testListId="8c84fa94-04c1-424b-9868-57a2d4851a1d" />
    <TestEntry testId="5f49c685-b472-8fbe-cc2f-659407bbd3d5" executionId="403b24fb-1dc9-44a3-af9e-a384c0b8fe2f" testListId="8c84fa94-04c1-424b-9868-57a2d4851a1d" />
    <TestEntry testId="66902775-3134-9806-40da-016ccd4b62e8" executionId="224b5de2-db9e-4106-8130-d851ac53d64a" testListId="8c84fa94-04c1-424b-9868-57a2d4851a1d" />
    <TestEntry testId="a322ea22-f068-3326-39ce-38ca2c184522" executionId="75e4e6ea-4540-4b1a-b39b-4d9433cd4804" testListId="8c84fa94-04c1-424b-9868-57a2d4851a1d" />
    <TestEntry testId="a91ff45d-bb6e-0948-7138-85eec3012331" executionId="f569cbb9-dc53-4f2b-8513-74bb78147d43" testListId="8c84fa94-04c1-424b-9868-57a2d4851a1d" />
    <TestEntry testId="0c21e377-97be-d625-87df-a658bf30893d" executionId="be0cd210-5e68-4d8e-8322-c88ec3bd4b6a" testListId="8c84fa94-04c1-424b-9868-57a2d4851a1d" />
    <TestEntry testId="377cdd6a-ebb9-9dd4-7a6c-1e3f6366c262" executionId="c3783d34-5031-47f3-bd90-b6be2fec61b4" testListId="8c84fa94-04c1-424b-9868-57a2d4851a1d" />
    <TestEntry testId="318e43a2-e558-1437-003d-9e949cde426a" executionId="af6276af-3281-4ace-95e0-0fce5d065c34" testListId="8c84fa94-04c1-424b-9868-57a2d4851a1d" />
    <TestEntry testId="c9d30a9a-1aa9-b51d-bbcc-e06f414bab68" executionId="c5f4997d-0be8-4879-8945-0adcdc299825" testListId="8c84fa94-04c1-424b-9868-57a2d4851a1d" />
    <TestEntry testId="6b92dd00-4cfc-a4ec-7d16-063dec026745" executionId="ceab213a-0734-4c88-80eb-7faed2bf9bbc" testListId="8c84fa94-04c1-424b-9868-57a2d4851a1d" />
    <TestEntry testId="9af4b14a-aa06-bf97-9a54-8bb647d90e81" executionId="c6ddf120-6ef1-49e3-b699-2d3e3082fa3b" testListId="8c84fa94-04c1-424b-9868-57a2d4851a1d" />
    <TestEntry testId="d1fb46b4-8a97-fc93-1530-3ee09e3a5ef9" executionId="aa555f97-f5bd-4625-9b01-95a27e1ec201" testListId="8c84fa94-04c1-424b-9868-57a2d4851a1d" />
    <TestEntry testId="bb39140f-c131-ea5b-e6f7-2293e6879aba" executionId="6fbbefa4-744b-4588-8404-7b319ed8eece" testListId="8c84fa94-04c1-424b-9868-57a2d4851a1d" />
    <TestEntry testId="d4fe093d-21c7-4c11-55d6-5540ed84eadd" executionId="b53d3913-65c7-478e-93b2-3be9ba943dd0" testListId="8c84fa94-04c1-424b-9868-57a2d4851a1d" />
    <TestEntry testId="98f43b68-5fbc-33a5-323b-f3a58deaed2b" executionId="324a3f7a-a83b-414a-8c1a-a289768ec368" testListId="8c84fa94-04c1-424b-9868-57a2d4851a1d" />
    <TestEntry testId="c34c51c4-38b0-d50f-bcf6-4852288b0dad" executionId="09fb273c-0b84-4afe-af40-ff330840b6f2" testListId="8c84fa94-04c1-424b-9868-57a2d4851a1d" />
    <TestEntry testId="871fb52d-2836-1a1f-530c-7f9b2619279a" executionId="436d64ac-9bd2-4b9c-bd26-7a302a269bbb" testListId="8c84fa94-04c1-424b-9868-57a2d4851a1d" />
    <TestEntry testId="b48fb603-0777-2b56-2b5a-734ff3b3d115" executionId="f50d2141-4c2b-451b-975a-1e691918f01c" testListId="8c84fa94-04c1-424b-9868-57a2d4851a1d" />
    <TestEntry testId="254e8849-85b2-b41d-e4f1-0762d512bc71" executionId="5b4cfb52-a715-4a13-afe3-ad898ebb5f2f" testListId="8c84fa94-04c1-424b-9868-57a2d4851a1d" />
  </TestEntries>
  <TestLists>
    <TestList name="Results Not in a List" id="8c84fa94-04c1-424b-9868-57a2d4851a1d" />
    <TestList name="All Loaded Results" id="19431567-8539-422a-85d7-44ee4e166bda" />
  </TestLists>
  <ResultSummary outcome="Failed">
    <Counters total="22" executed="22" passed="21" failed="1" error="0" timeout="0" aborted="0" inconclusive="0" passedButRunAborted="0" notRunnable="0" notExecuted="0" disconnected="0" warning="0" completed="0" inProgress="0" pending="0" />
    <Output>
      <StdOut>[xUnit.net 00:00:00.00] xUnit.net VSTest Adapter v2.8.2+699d445a1a (64-bit .NET 10.0.0)&#xD;
[xUnit.net 00:00:00.12]   Discovering: ProPXEServer.API.Tests&#xD;
[xUnit.net 00:00:00.19]   Discovered:  ProPXEServer.API.Tests&#xD;
[xUnit.net 00:00:00.20]   Starting:    ProPXEServer.API.Tests&#xD;
[xUnit.net 00:00:00.36]       Expected isValid to be False because Malicious path '../../../etc/passwd' should be blocked by regex, but found True.&#xD;
[xUnit.net 00:00:00.37]       Stack Trace:&#xD;
[xUnit.net 00:00:00.37]            at FluentAssertions.Execution.XUnit2TestFramework.Throw(String message)&#xD;
[xUnit.net 00:00:00.37]            at FluentAssertions.Execution.TestFrameworkProvider.Throw(String message)&#xD;
[xUnit.net 00:00:00.37]            at FluentAssertions.Execution.DefaultAssertionStrategy.HandleFailure(String message)&#xD;
[xUnit.net 00:00:00.37]            at FluentAssertions.Execution.AssertionScope.FailWith(Func`1 failReasonFunc)&#xD;
[xUnit.net 00:00:00.37]            at FluentAssertions.Execution.AssertionScope.FailWith(Func`1 failReasonFunc)&#xD;
[xUnit.net 00:00:00.37]            at FluentAssertions.Execution.AssertionScope.FailWith(String message, Object[] args)&#xD;
[xUnit.net 00:00:00.37]            at FluentAssertions.Primitives.BooleanAssertions`1.BeFalse(String because, Object[] becauseArgs)&#xD;
[xUnit.net 00:00:00.37]         C:\Users\Administrator\Desktop\Mass\tests\ProPXEServer.API.Tests\SecurityValidationTests.cs(27,0): at ProPXEServer.API.Tests.PathValidationSecurityTests.PathRegex_MaliciousCharacters_ShouldNotMatch(String maliciousPath)&#xD;
[xUnit.net 00:00:00.37]            at InvokeStub_PathValidationSecurityTests.PathRegex_MaliciousCharacters_ShouldNotMatch(Object, Span`1)&#xD;
[xUnit.net 00:00:00.37]            at System.Reflection.MethodBaseInvoker.InvokeWithOneArg(Object obj, BindingFlags invokeAttr, Binder binder, Object[] parameters, CultureInfo culture)&#xD;
[xUnit.net 00:00:00.37]   Finished:    ProPXEServer.API.Tests&#xD;
</StdOut>
    </Output>
    <RunInfos>
      <RunInfo computerName="SERVER" outcome="Error" timestamp="2025-12-01T05:12:31.4539806+08:00">
        <Text>[xUnit.net 00:00:00.36]     ProPXEServer.API.Tests.PathValidationSecurityTests.PathRegex_MaliciousCharacters_ShouldNotMatch(maliciousPath: "../../../etc/passwd") [FAIL]</Text>
      </RunInfo>
    </RunInfos>
  </ResultSummary>
</TestRun>